php : PHP Warning:  
Version warning: 
Imagick was compiled 
against ImageMagick 
version 1808 but 
version 1810 is 
loaded. Imagick will 
run but may behave 
surprisingly in 
Unknown on line 0
At line:1 char:1
+ php artisan 
chat:test > 
test_output.txt 2>&1
+ ~~~~~~~~~~~~~~~~~~~
~~~~~~~~~~~~~~~~~~~~~
~~~~
    + CategoryInfo   
           : NotSpe  
  cified: (PHP War   
 ning:  V...known    
 on line 0:Strin    
g) [], RemoteExc    
eption
    + FullyQualified 
   ErrorId : Native  
  CommandError
 

Warning: Version warning: Imagick was compiled against ImageMagick version 1808 but version 1810 is loaded. Imagick will run but may behave surprisingly in Unknown on line 0
Initializing EnhancedAIProviderService...
Configuration detected:
  Provider: openai
  Model:    gpt-5-mini
Error: The "message" argument does not exist.
#0 C:\Users\alkas\Desktop\Upwork\oposchat\vendor\laravel\framework\src\Illuminate\Console\Concerns\InteractsWithIO.php(82): Symfony\Component\Console\Input\Input->getArgument('message')
#1 C:\Users\alkas\Desktop\Upwork\oposchat\app\Console\Commands\TestAIChat.php(41): Illuminate\Console\Command->argument('message')
#2 C:\Users\alkas\Desktop\Upwork\oposchat\vendor\laravel\framework\src\Illuminate\Container\BoundMethod.php(36): App\Console\Commands\TestAIChat->handle()
#3 C:\Users\alkas\Desktop\Upwork\oposchat\vendor\laravel\framework\src\Illuminate\Container\Util.php(43): Illuminate\Container\BoundMethod::Illuminate\Container\{closure}()
#4 C:\Users\alkas\Desktop\Upwork\oposchat\vendor\laravel\framework\src\Illuminate\Container\BoundMethod.php(96): Illuminate\Container\Util::unwrapIfClosure(Object(Closure))
#5 C:\Users\alkas\Desktop\Upwork\oposchat\vendor\laravel\framework\src\Illuminate\Container\BoundMethod.php(35): Illuminate\Container\BoundMethod::callBoundMethod(Object(Illuminate\Foundation\Application), Array, Object(Closure))
#6 C:\Users\alkas\Desktop\Upwork\oposchat\vendor\laravel\framework\src\Illuminate\Container\Container.php(780): Illuminate\Container\BoundMethod::call(Object(Illuminate\Foundation\Application), Array, Array, NULL)
#7 C:\Users\alkas\Desktop\Upwork\oposchat\vendor\laravel\framework\src\Illuminate\Console\Command.php(211): Illuminate\Container\Container->call(Array)
#8 C:\Users\alkas\Desktop\Upwork\oposchat\vendor\symfony\console\Command\Command.php(318): Illuminate\Console\Command->execute(Object(Symfony\Component\Console\Input\ArgvInput), Object(Illuminate\Console\OutputStyle))
#9 C:\Users\alkas\Desktop\Upwork\oposchat\vendor\laravel\framework\src\Illuminate\Console\Command.php(180): Symfony\Component\Console\Command\Command->run(Object(Symfony\Component\Console\Input\ArgvInput), Object(Illuminate\Console\OutputStyle))
#10 C:\Users\alkas\Desktop\Upwork\oposchat\vendor\symfony\console\Application.php(1092): Illuminate\Console\Command->run(Object(Symfony\Component\Console\Input\ArgvInput), Object(Symfony\Component\Console\Output\ConsoleOutput))
#11 C:\Users\alkas\Desktop\Upwork\oposchat\vendor\symfony\console\Application.php(341): Symfony\Component\Console\Application->doRunCommand(Object(App\Console\Commands\TestAIChat), Object(Symfony\Component\Console\Input\ArgvInput), Object(Symfony\Component\Console\Output\ConsoleOutput))
#12 C:\Users\alkas\Desktop\Upwork\oposchat\vendor\symfony\console\Application.php(192): Symfony\Component\Console\Application->doRun(Object(Symfony\Component\Console\Input\ArgvInput), Object(Symfony\Component\Console\Output\ConsoleOutput))
#13 C:\Users\alkas\Desktop\Upwork\oposchat\vendor\laravel\framework\src\Illuminate\Foundation\Console\Kernel.php(197): Symfony\Component\Console\Application->run(Object(Symfony\Component\Console\Input\ArgvInput), Object(Symfony\Component\Console\Output\ConsoleOutput))
#14 C:\Users\alkas\Desktop\Upwork\oposchat\vendor\laravel\framework\src\Illuminate\Foundation\Application.php(1234): Illuminate\Foundation\Console\Kernel->handle(Object(Symfony\Component\Console\Input\ArgvInput), Object(Symfony\Component\Console\Output\ConsoleOutput))
#15 C:\Users\alkas\Desktop\Upwork\oposchat\artisan(16): Illuminate\Foundation\Application->handleCommand(Object(Symfony\Component\Console\Input\ArgvInput))
#16 {main}
